  Determining projects to restore...
  All projects are up-to-date for restore.
D:\Bashinda\Bashinda\Services\UserService.cs(100,34): warning CS8613: Nullability of reference types in return type of 'Task<User?> UserService.AuthenticateUserAsync(LoginViewModel model)' doesn't match implicitly implemented member 'Task<User> IUserService.AuthenticateUserAsync(LoginViewModel model)'. [D:\Bashinda\Bashinda\Bashinda.csproj]
D:\Bashinda\Bashinda\Services\UserService.cs(50,32): error CS1503: Argument 1: cannot convert from 'Bashinda.Models.User' to 'Bashinda.Models.ApplicationUser' [D:\Bashinda\Bashinda\Bashinda.csproj]
D:\Bashinda\Bashinda\Services\UserService.cs(62,22): error CS1061: 'ApplicationDbContext' does not contain a definition for 'UserOTPs' and no accessible extension method 'UserOTPs' accepting a first argument of type 'ApplicationDbContext' could be found (are you missing a using directive or an assembly reference?) [D:\Bashinda\Bashinda\Bashinda.csproj]
D:\Bashinda\Bashinda\Services\UserService.cs(80,43): error CS1061: 'ApplicationDbContext' does not contain a definition for 'UserOTPs' and no accessible extension method 'UserOTPs' accepting a first argument of type 'ApplicationDbContext' could be found (are you missing a using directive or an assembly reference?) [D:\Bashinda\Bashinda\Bashinda.csproj]
D:\Bashinda\Bashinda\Services\UserService.cs(89,18): error CS1061: 'ApplicationUser' does not contain a definition for 'IsVerified' and no accessible extension method 'IsVerified' accepting a first argument of type 'ApplicationUser' could be found (are you missing a using directive or an assembly reference?) [D:\Bashinda\Bashinda\Bashinda.csproj]
D:\Bashinda\Bashinda\Services\UserService.cs(93,22): error CS1061: 'ApplicationDbContext' does not contain a definition for 'UserOTPs' and no accessible extension method 'UserOTPs' accepting a first argument of type 'ApplicationDbContext' could be found (are you missing a using directive or an assembly reference?) [D:\Bashinda\Bashinda\Bashinda.csproj]
D:\Bashinda\Bashinda\Services\UserService.cs(107,39): error CS1061: 'ApplicationUser' does not contain a definition for 'IsVerified' and no accessible extension method 'IsVerified' accepting a first argument of type 'ApplicationUser' could be found (are you missing a using directive or an assembly reference?) [D:\Bashinda\Bashinda\Bashinda.csproj]
D:\Bashinda\Bashinda\Services\UserService.cs(115,20): error CS0029: Cannot implicitly convert type 'Bashinda.Models.ApplicationUser' to 'Bashinda.Models.User' [D:\Bashinda\Bashinda\Bashinda.csproj]
D:\Bashinda\Bashinda\Services\UserService.cs(112,17): warning CS8602: Dereference of a possibly null reference. [D:\Bashinda\Bashinda\Bashinda.csproj]
D:\Bashinda\Bashinda\Controllers\RenterController.cs(130,56): error CS1061: 'ApplicationDbContext' does not contain a definition for 'RenterProfiles' and no accessible extension method 'RenterProfiles' accepting a first argument of type 'ApplicationDbContext' could be found (are you missing a using directive or an assembly reference?) [D:\Bashinda\Bashinda\Bashinda.csproj]
D:\Bashinda\Bashinda\Controllers\AccountController.cs(74,25): warning CS8600: Converting null literal or possible null value to non-nullable type. [D:\Bashinda\Bashinda\Bashinda.csproj]
D:\Bashinda\Bashinda\Controllers\RenterController.cs(201,56): error CS1061: 'ApplicationDbContext' does not contain a definition for 'RenterProfiles' and no accessible extension method 'RenterProfiles' accepting a first argument of type 'ApplicationDbContext' could be found (are you missing a using directive or an assembly reference?) [D:\Bashinda\Bashinda\Bashinda.csproj]
D:\Bashinda\Bashinda\Services\RenterProfileService.cs(31,74): error CS0019: Operator '==' cannot be applied to operands of type 'string' and 'int' [D:\Bashinda\Bashinda\Bashinda.csproj]
D:\Bashinda\Bashinda\Services\RenterProfileService.cs(47,54): error CS1061: 'ApplicationDbContext' does not contain a definition for 'RenterProfiles' and no accessible extension method 'RenterProfiles' accepting a first argument of type 'ApplicationDbContext' could be found (are you missing a using directive or an assembly reference?) [D:\Bashinda\Bashinda\Bashinda.csproj]
D:\Bashinda\Bashinda\Services\RenterProfileService.cs(51,26): error CS8130: Cannot infer the type of implicitly-typed deconstruction variable 'success'. [D:\Bashinda\Bashinda\Bashinda.csproj]
D:\Bashinda\Bashinda\Services\RenterProfileService.cs(51,35): error CS8130: Cannot infer the type of implicitly-typed deconstruction variable 'errors'. [D:\Bashinda\Bashinda\Bashinda.csproj]
D:\Bashinda\Bashinda\Services\RenterProfileService.cs(128,30): error CS1061: 'ApplicationDbContext' does not contain a definition for 'RenterProfiles' and no accessible extension method 'RenterProfiles' accepting a first argument of type 'ApplicationDbContext' could be found (are you missing a using directive or an assembly reference?) [D:\Bashinda\Bashinda\Bashinda.csproj]
D:\Bashinda\Bashinda\Services\RenterProfileService.cs(218,30): error CS1061: 'ApplicationDbContext' does not contain a definition for 'RenterProfiles' and no accessible extension method 'RenterProfiles' accepting a first argument of type 'ApplicationDbContext' could be found (are you missing a using directive or an assembly reference?) [D:\Bashinda\Bashinda\Bashinda.csproj]
D:\Bashinda\Bashinda\Controllers\RenterController.cs(268,56): error CS1061: 'ApplicationDbContext' does not contain a definition for 'RenterProfiles' and no accessible extension method 'RenterProfiles' accepting a first argument of type 'ApplicationDbContext' could be found (are you missing a using directive or an assembly reference?) [D:\Bashinda\Bashinda\Bashinda.csproj]
D:\Bashinda\Bashinda\Controllers\RenterController.cs(341,26): warning CS8602: Dereference of a possibly null reference. [D:\Bashinda\Bashinda\Bashinda.csproj]
D:\Bashinda\Bashinda\Controllers\RenterController.cs(393,42): warning CS1998: This async method lacks 'await' operators and will run synchronously. Consider using the 'await' operator to await non-blocking API calls, or 'await Task.Run(...)' to do CPU-bound work on a background thread. [D:\Bashinda\Bashinda\Bashinda.csproj]
D:\Bashinda\Bashinda\Services\RenterProfileService.cs(281,42): error CS1061: 'ApplicationDbContext' does not contain a definition for 'RenterProfiles' and no accessible extension method 'RenterProfiles' accepting a first argument of type 'ApplicationDbContext' could be found (are you missing a using directive or an assembly reference?) [D:\Bashinda\Bashinda\Bashinda.csproj]
D:\Bashinda\Bashinda\Controllers\AdminController.cs(45,72): error CS1061: 'IAdminApiService' does not contain a definition for 'GetDashboardAsync' and no accessible extension method 'GetDashboardAsync' accepting a first argument of type 'IAdminApiService' could be found (are you missing a using directive or an assembly reference?) [D:\Bashinda\Bashinda\Bashinda.csproj]
D:\Bashinda\Bashinda\Controllers\AdminController.cs(45,22): error CS8130: Cannot infer the type of implicitly-typed deconstruction variable 'success'. [D:\Bashinda\Bashinda\Bashinda.csproj]
D:\Bashinda\Bashinda\Controllers\AdminController.cs(45,31): error CS8130: Cannot infer the type of implicitly-typed deconstruction variable 'dashboard'. [D:\Bashinda\Bashinda\Bashinda.csproj]
D:\Bashinda\Bashinda\Controllers\AdminController.cs(45,42): error CS8130: Cannot infer the type of implicitly-typed deconstruction variable 'errors'. [D:\Bashinda\Bashinda\Bashinda.csproj]
D:\Bashinda\Bashinda\Controllers\AdminController.cs(116,78): error CS1061: 'IAdminApiService' does not contain a definition for 'GetPendingRenterProfilesAsync' and no accessible extension method 'GetPendingRenterProfilesAsync' accepting a first argument of type 'IAdminApiService' could be found (are you missing a using directive or an assembly reference?) [D:\Bashinda\Bashinda\Bashinda.csproj]
D:\Bashinda\Bashinda\Controllers\AdminController.cs(116,22): error CS8130: Cannot infer the type of implicitly-typed deconstruction variable 'success'. [D:\Bashinda\Bashinda\Bashinda.csproj]
D:\Bashinda\Bashinda\Controllers\AdminController.cs(116,31): error CS8130: Cannot infer the type of implicitly-typed deconstruction variable 'pendingProfiles'. [D:\Bashinda\Bashinda\Bashinda.csproj]
D:\Bashinda\Bashinda\Controllers\AdminController.cs(116,48): error CS8130: Cannot infer the type of implicitly-typed deconstruction variable 'errors'. [D:\Bashinda\Bashinda\Bashinda.csproj]
D:\Bashinda\Bashinda\Controllers\AdminController.cs(131,56): error CS0428: Cannot convert method group 'Count' to non-delegate type 'dynamic'. Did you intend to invoke the method? [D:\Bashinda\Bashinda\Bashinda.csproj]
D:\Bashinda\Bashinda\Controllers\AdminController.cs(131,40): warning CS8619: Nullability of reference types in value of type '<null>' doesn't match target type 'dynamic'. [D:\Bashinda\Bashinda\Bashinda.csproj]
D:\Bashinda\Bashinda\Controllers\RenterController.cs(460,86): warning CS8604: Possible null reference argument for parameter 'token' in 'Task<(bool Success, RenterProfileDto? Data, string[] Errors)> IRenterProfileApiService.GetCurrentAsync(string token)'. [D:\Bashinda\Bashinda\Bashinda.csproj]
D:\Bashinda\Bashinda\Controllers\RenterController.cs(558,42): error CS1061: 'ApplicationDbContext' does not contain a definition for 'RenterProfiles' and no accessible extension method 'RenterProfiles' accepting a first argument of type 'ApplicationDbContext' could be found (are you missing a using directive or an assembly reference?) [D:\Bashinda\Bashinda\Bashinda.csproj]
D:\Bashinda\Bashinda\Controllers\AdminController.cs(158,78): error CS1061: 'IAdminApiService' does not contain a definition for 'GetPendingOwnerProfilesAsync' and no accessible extension method 'GetPendingOwnerProfilesAsync' accepting a first argument of type 'IAdminApiService' could be found (are you missing a using directive or an assembly reference?) [D:\Bashinda\Bashinda\Bashinda.csproj]
D:\Bashinda\Bashinda\Controllers\AdminController.cs(158,22): error CS8130: Cannot infer the type of implicitly-typed deconstruction variable 'success'. [D:\Bashinda\Bashinda\Bashinda.csproj]
D:\Bashinda\Bashinda\Controllers\AdminController.cs(158,31): error CS8130: Cannot infer the type of implicitly-typed deconstruction variable 'pendingProfiles'. [D:\Bashinda\Bashinda\Bashinda.csproj]
D:\Bashinda\Bashinda\Controllers\AdminController.cs(158,48): error CS8130: Cannot infer the type of implicitly-typed deconstruction variable 'errors'. [D:\Bashinda\Bashinda\Bashinda.csproj]
D:\Bashinda\Bashinda\Controllers\AdminController.cs(173,56): error CS0428: Cannot convert method group 'Count' to non-delegate type 'dynamic'. Did you intend to invoke the method? [D:\Bashinda\Bashinda\Bashinda.csproj]
D:\Bashinda\Bashinda\Controllers\AdminController.cs(173,40): warning CS8619: Nullability of reference types in value of type '<null>' doesn't match target type 'dynamic'. [D:\Bashinda\Bashinda\Bashinda.csproj]
D:\Bashinda\Bashinda\Controllers\RenterController.cs(574,42): error CS1061: 'ApplicationDbContext' does not contain a definition for 'RenterProfiles' and no accessible extension method 'RenterProfiles' accepting a first argument of type 'ApplicationDbContext' could be found (are you missing a using directive or an assembly reference?) [D:\Bashinda\Bashinda\Bashinda.csproj]
D:\Bashinda\Bashinda\Controllers\AccountController.cs(107,66): warning CS8604: Possible null reference argument for parameter 'email' in 'Task<(bool Success, string[] Errors)> IUserApiService.VerifyOTPAsync(string email, string otp)'. [D:\Bashinda\Bashinda\Bashinda.csproj]
D:\Bashinda\Bashinda\Controllers\AccountController.cs(107,79): warning CS8604: Possible null reference argument for parameter 'otp' in 'Task<(bool Success, string[] Errors)> IUserApiService.VerifyOTPAsync(string email, string otp)'. [D:\Bashinda\Bashinda\Bashinda.csproj]
D:\Bashinda\Bashinda\Controllers\AccountController.cs(144,29): warning CS8602: Dereference of a possibly null reference. [D:\Bashinda\Bashinda\Bashinda.csproj]
D:\Bashinda\Bashinda\Controllers\AccountController.cs(147,68): warning CS8604: Possible null reference argument for parameter 'value' in 'void SessionExtensions.SetString(ISession session, string key, string value)'. [D:\Bashinda\Bashinda\Bashinda.csproj]
D:\Bashinda\Bashinda\Controllers\AdminController.cs(230,61): error CS1061: 'IAdminApiService' does not contain a definition for 'ApproveRenterProfileAsync' and no accessible extension method 'ApproveRenterProfileAsync' accepting a first argument of type 'IAdminApiService' could be found (are you missing a using directive or an assembly reference?) [D:\Bashinda\Bashinda\Bashinda.csproj]
D:\Bashinda\Bashinda\Controllers\AdminController.cs(230,22): error CS8130: Cannot infer the type of implicitly-typed deconstruction variable 'success'. [D:\Bashinda\Bashinda\Bashinda.csproj]
D:\Bashinda\Bashinda\Controllers\AdminController.cs(230,31): error CS8130: Cannot infer the type of implicitly-typed deconstruction variable 'errors'. [D:\Bashinda\Bashinda\Bashinda.csproj]
D:\Bashinda\Bashinda\Controllers\AdminController.cs(263,61): error CS1061: 'IAdminApiService' does not contain a definition for 'ApproveRenterProfileAsync' and no accessible extension method 'ApproveRenterProfileAsync' accepting a first argument of type 'IAdminApiService' could be found (are you missing a using directive or an assembly reference?) [D:\Bashinda\Bashinda\Bashinda.csproj]
D:\Bashinda\Bashinda\Controllers\AdminController.cs(263,22): error CS8130: Cannot infer the type of implicitly-typed deconstruction variable 'success'. [D:\Bashinda\Bashinda\Bashinda.csproj]
D:\Bashinda\Bashinda\Controllers\AdminController.cs(263,31): error CS8130: Cannot infer the type of implicitly-typed deconstruction variable 'errors'. [D:\Bashinda\Bashinda\Bashinda.csproj]
D:\Bashinda\Bashinda\Controllers\AdminController.cs(296,61): error CS1061: 'IAdminApiService' does not contain a definition for 'ApproveOwnerProfileAsync' and no accessible extension method 'ApproveOwnerProfileAsync' accepting a first argument of type 'IAdminApiService' could be found (are you missing a using directive or an assembly reference?) [D:\Bashinda\Bashinda\Bashinda.csproj]
D:\Bashinda\Bashinda\Controllers\AdminController.cs(296,22): error CS8130: Cannot infer the type of implicitly-typed deconstruction variable 'success'. [D:\Bashinda\Bashinda\Bashinda.csproj]
D:\Bashinda\Bashinda\Controllers\AdminController.cs(296,31): error CS8130: Cannot infer the type of implicitly-typed deconstruction variable 'errors'. [D:\Bashinda\Bashinda\Bashinda.csproj]
D:\Bashinda\Bashinda\Controllers\AdminController.cs(329,61): error CS1061: 'IAdminApiService' does not contain a definition for 'ApproveOwnerProfileAsync' and no accessible extension method 'ApproveOwnerProfileAsync' accepting a first argument of type 'IAdminApiService' could be found (are you missing a using directive or an assembly reference?) [D:\Bashinda\Bashinda\Bashinda.csproj]
D:\Bashinda\Bashinda\Controllers\AdminController.cs(329,22): error CS8130: Cannot infer the type of implicitly-typed deconstruction variable 'success'. [D:\Bashinda\Bashinda\Bashinda.csproj]
D:\Bashinda\Bashinda\Controllers\AdminController.cs(329,31): error CS8130: Cannot infer the type of implicitly-typed deconstruction variable 'errors'. [D:\Bashinda\Bashinda\Bashinda.csproj]
D:\Bashinda\Bashinda\Controllers\AdminController.cs(360,68): error CS1061: 'IAdminApiService' does not contain a definition for 'GetUsersAsync' and no accessible extension method 'GetUsersAsync' accepting a first argument of type 'IAdminApiService' could be found (are you missing a using directive or an assembly reference?) [D:\Bashinda\Bashinda\Bashinda.csproj]
D:\Bashinda\Bashinda\Controllers\AdminController.cs(360,22): error CS8130: Cannot infer the type of implicitly-typed deconstruction variable 'success'. [D:\Bashinda\Bashinda\Bashinda.csproj]
D:\Bashinda\Bashinda\Controllers\AdminController.cs(360,31): error CS8130: Cannot infer the type of implicitly-typed deconstruction variable 'users'. [D:\Bashinda\Bashinda\Bashinda.csproj]
D:\Bashinda\Bashinda\Controllers\AdminController.cs(360,38): error CS8130: Cannot infer the type of implicitly-typed deconstruction variable 'errors'. [D:\Bashinda\Bashinda\Bashinda.csproj]
D:\Bashinda\Bashinda\Controllers\AdminController.cs(392,61): error CS1061: 'IAdminApiService' does not contain a definition for 'DeleteUserAsync' and no accessible extension method 'DeleteUserAsync' accepting a first argument of type 'IAdminApiService' could be found (are you missing a using directive or an assembly reference?) [D:\Bashinda\Bashinda\Bashinda.csproj]
D:\Bashinda\Bashinda\Controllers\AdminController.cs(392,22): error CS8130: Cannot infer the type of implicitly-typed deconstruction variable 'success'. [D:\Bashinda\Bashinda\Bashinda.csproj]
D:\Bashinda\Bashinda\Controllers\AdminController.cs(392,31): error CS8130: Cannot infer the type of implicitly-typed deconstruction variable 'errors'. [D:\Bashinda\Bashinda\Bashinda.csproj]
D:\Bashinda\Bashinda\Controllers\AdminController.cs(453,20): warning CS8603: Possible null reference return. [D:\Bashinda\Bashinda\Bashinda.csproj]
D:\Bashinda\Bashinda\Services\IUserApiService.cs(66,50): error CS7036: There is no argument given that corresponds to the required parameter 'token' of 'IApiService.PostAsync<T>(string, T, string)' [D:\Bashinda\Bashinda\Bashinda.csproj]
D:\Bashinda\Bashinda\Services\IUserApiService.cs(176,50): error CS7036: There is no argument given that corresponds to the required parameter 'token' of 'IApiService.PostAsync<T>(string, T, string)' [D:\Bashinda\Bashinda\Bashinda.csproj]
D:\Bashinda\Bashinda\Services\IUserApiService.cs(224,50): error CS7036: There is no argument given that corresponds to the required parameter 'token' of 'IApiService.PostAsync<T>(string, T, string)' [D:\Bashinda\Bashinda\Bashinda.csproj]
D:\Bashinda\Bashinda\Services\IUserApiService.cs(271,50): error CS7036: There is no argument given that corresponds to the required parameter 'token' of 'IApiService.PostAsync<T>(string, T, string)' [D:\Bashinda\Bashinda\Bashinda.csproj]
D:\Bashinda\Bashinda\Controllers\AccountController.cs(323,25): warning CS8602: Dereference of a possibly null reference. [D:\Bashinda\Bashinda\Bashinda.csproj]
D:\Bashinda\Bashinda\Controllers\RenterController.cs(645,26): warning CS8602: Dereference of a possibly null reference. [D:\Bashinda\Bashinda\Bashinda.csproj]
D:\Bashinda\Bashinda\Controllers\HomeController.cs(26,18): warning CS8602: Dereference of a possibly null reference. [D:\Bashinda\Bashinda\Bashinda.csproj]
D:\Bashinda\Bashinda\Controllers\HomeController.cs(23,42): warning CS1998: This async method lacks 'await' operators and will run synchronously. Consider using the 'await' operator to await non-blocking API calls, or 'await Task.Run(...)' to do CPU-bound work on a background thread. [D:\Bashinda\Bashinda\Bashinda.csproj]
D:\Bashinda\Bashinda\Models\UserOTP.cs(14,23): warning CS8618: Non-nullable property 'Code' must contain a non-null value when exiting constructor. Consider adding the 'required' modifier or declaring the property as nullable. [D:\Bashinda\Bashinda\Bashinda.csproj]
D:\Bashinda\Bashinda\Models\UserOTP.cs(19,21): warning CS8618: Non-nullable property 'User' must contain a non-null value when exiting constructor. Consider adding the 'required' modifier or declaring the property as nullable. [D:\Bashinda\Bashinda\Bashinda.csproj]
D:\Bashinda\Bashinda\Models\User.cs(16,23): warning CS8618: Non-nullable property 'UserName' must contain a non-null value when exiting constructor. Consider adding the 'required' modifier or declaring the property as nullable. [D:\Bashinda\Bashinda\Bashinda.csproj]
D:\Bashinda\Bashinda\Models\User.cs(19,23): warning CS8618: Non-nullable property 'Email' must contain a non-null value when exiting constructor. Consider adding the 'required' modifier or declaring the property as nullable. [D:\Bashinda\Bashinda\Bashinda.csproj]
D:\Bashinda\Bashinda\Models\User.cs(22,23): warning CS8618: Non-nullable property 'PhoneNumber' must contain a non-null value when exiting constructor. Consider adding the 'required' modifier or declaring the property as nullable. [D:\Bashinda\Bashinda\Bashinda.csproj]
D:\Bashinda\Bashinda\Models\User.cs(25,23): warning CS8618: Non-nullable property 'PasswordHash' must contain a non-null value when exiting constructor. Consider adding the 'required' modifier or declaring the property as nullable. [D:\Bashinda\Bashinda\Bashinda.csproj]
D:\Bashinda\Bashinda\Controllers\AdminManagementController.cs(60,32): warning CS8601: Possible null reference assignment. [D:\Bashinda\Bashinda\Bashinda.csproj]
D:\Bashinda\Bashinda\Controllers\AdminManagementController.cs(61,29): warning CS8601: Possible null reference assignment. [D:\Bashinda\Bashinda\Bashinda.csproj]
D:\Bashinda\Bashinda\Controllers\AdminManagementController.cs(62,35): warning CS8601: Possible null reference assignment. [D:\Bashinda\Bashinda\Bashinda.csproj]
D:\Bashinda\Bashinda\Controllers\AdminManagementController.cs(104,28): warning CS8601: Possible null reference assignment. [D:\Bashinda\Bashinda\Bashinda.csproj]
D:\Bashinda\Bashinda\Controllers\AdminManagementController.cs(105,25): warning CS8601: Possible null reference assignment. [D:\Bashinda\Bashinda\Bashinda.csproj]
D:\Bashinda\Bashinda\Controllers\AdminManagementController.cs(106,31): warning CS8601: Possible null reference assignment. [D:\Bashinda\Bashinda\Bashinda.csproj]
D:\Bashinda\Bashinda\Controllers\AdminManagementController.cs(208,37): warning CS8602: Dereference of a possibly null reference. [D:\Bashinda\Bashinda\Bashinda.csproj]
D:\Bashinda\Bashinda\Controllers\AdminManagementController.cs(282,31): error CS0029: Cannot implicitly convert type 'Bashinda.Models.AdminPermission' to 'Bashinda.ViewModels.AdminPermissionViewModel' [D:\Bashinda\Bashinda\Bashinda.csproj]
D:\Bashinda\Bashinda\Controllers\AdminManagementController.cs(272,33): warning CS8602: Dereference of a possibly null reference. [D:\Bashinda\Bashinda\Bashinda.csproj]
D:\Bashinda\Bashinda\Controllers\AdminManagementController.cs(279,28): warning CS8601: Possible null reference assignment. [D:\Bashinda\Bashinda\Bashinda.csproj]
D:\Bashinda\Bashinda\Controllers\AdminManagementController.cs(280,25): warning CS8601: Possible null reference assignment. [D:\Bashinda\Bashinda\Bashinda.csproj]
D:\Bashinda\Bashinda\Controllers\AdminManagementController.cs(281,31): warning CS8601: Possible null reference assignment. [D:\Bashinda\Bashinda\Bashinda.csproj]
D:\Bashinda\Bashinda\Services\ApiHealthService.cs(90,28): warning CS8603: Possible null reference return. [D:\Bashinda\Bashinda\Bashinda.csproj]
D:\Bashinda\Bashinda\Controllers\AdminManagementController.cs(331,37): warning CS8602: Dereference of a possibly null reference. [D:\Bashinda\Bashinda\Bashinda.csproj]
D:\Bashinda\Bashinda\Controllers\AdminManagementController.cs(356,41): warning CS8602: Dereference of a possibly null reference. [D:\Bashinda\Bashinda\Bashinda.csproj]
D:\Bashinda\Bashinda\Services\IApartmentApiService.cs(38,83): warning CS8604: Possible null reference argument for parameter 'token' in 'Task<HttpResponseMessage> IApiService.GetAsync(string endpoint, string token)'. [D:\Bashinda\Bashinda\Bashinda.csproj]
D:\Bashinda\Bashinda\Services\IApartmentApiService.cs(65,77): warning CS8604: Possible null reference argument for parameter 'token' in 'Task<HttpResponseMessage> IApiService.GetAsync(string endpoint, string token)'. [D:\Bashinda\Bashinda\Bashinda.csproj]
D:\Bashinda\Bashinda\Services\IApartmentApiService.cs(92,87): warning CS8604: Possible null reference argument for parameter 'token' in 'Task<HttpResponseMessage> IApiService.GetAsync(string endpoint, string token)'. [D:\Bashinda\Bashinda\Bashinda.csproj]
D:\Bashinda\Bashinda\Controllers\AdminManagementController.cs(422,28): warning CS8601: Possible null reference assignment. [D:\Bashinda\Bashinda\Bashinda.csproj]
D:\Bashinda\Bashinda\Controllers\AdminManagementController.cs(423,25): warning CS8601: Possible null reference assignment. [D:\Bashinda\Bashinda\Bashinda.csproj]
D:\Bashinda\Bashinda\Controllers\AdminManagementController.cs(424,31): warning CS8601: Possible null reference assignment. [D:\Bashinda\Bashinda\Bashinda.csproj]

Build FAILED.

D:\Bashinda\Bashinda\Services\UserService.cs(100,34): warning CS8613: Nullability of reference types in return type of 'Task<User?> UserService.AuthenticateUserAsync(LoginViewModel model)' doesn't match implicitly implemented member 'Task<User> IUserService.AuthenticateUserAsync(LoginViewModel model)'. [D:\Bashinda\Bashinda\Bashinda.csproj]
D:\Bashinda\Bashinda\Services\UserService.cs(112,17): warning CS8602: Dereference of a possibly null reference. [D:\Bashinda\Bashinda\Bashinda.csproj]
D:\Bashinda\Bashinda\Controllers\AccountController.cs(74,25): warning CS8600: Converting null literal or possible null value to non-nullable type. [D:\Bashinda\Bashinda\Bashinda.csproj]
D:\Bashinda\Bashinda\Controllers\RenterController.cs(341,26): warning CS8602: Dereference of a possibly null reference. [D:\Bashinda\Bashinda\Bashinda.csproj]
D:\Bashinda\Bashinda\Controllers\RenterController.cs(393,42): warning CS1998: This async method lacks 'await' operators and will run synchronously. Consider using the 'await' operator to await non-blocking API calls, or 'await Task.Run(...)' to do CPU-bound work on a background thread. [D:\Bashinda\Bashinda\Bashinda.csproj]
D:\Bashinda\Bashinda\Controllers\AdminController.cs(131,40): warning CS8619: Nullability of reference types in value of type '<null>' doesn't match target type 'dynamic'. [D:\Bashinda\Bashinda\Bashinda.csproj]
D:\Bashinda\Bashinda\Controllers\RenterController.cs(460,86): warning CS8604: Possible null reference argument for parameter 'token' in 'Task<(bool Success, RenterProfileDto? Data, string[] Errors)> IRenterProfileApiService.GetCurrentAsync(string token)'. [D:\Bashinda\Bashinda\Bashinda.csproj]
D:\Bashinda\Bashinda\Controllers\AdminController.cs(173,40): warning CS8619: Nullability of reference types in value of type '<null>' doesn't match target type 'dynamic'. [D:\Bashinda\Bashinda\Bashinda.csproj]
D:\Bashinda\Bashinda\Controllers\AccountController.cs(107,66): warning CS8604: Possible null reference argument for parameter 'email' in 'Task<(bool Success, string[] Errors)> IUserApiService.VerifyOTPAsync(string email, string otp)'. [D:\Bashinda\Bashinda\Bashinda.csproj]
D:\Bashinda\Bashinda\Controllers\AccountController.cs(107,79): warning CS8604: Possible null reference argument for parameter 'otp' in 'Task<(bool Success, string[] Errors)> IUserApiService.VerifyOTPAsync(string email, string otp)'. [D:\Bashinda\Bashinda\Bashinda.csproj]
D:\Bashinda\Bashinda\Controllers\AccountController.cs(144,29): warning CS8602: Dereference of a possibly null reference. [D:\Bashinda\Bashinda\Bashinda.csproj]
D:\Bashinda\Bashinda\Controllers\AccountController.cs(147,68): warning CS8604: Possible null reference argument for parameter 'value' in 'void SessionExtensions.SetString(ISession session, string key, string value)'. [D:\Bashinda\Bashinda\Bashinda.csproj]
D:\Bashinda\Bashinda\Controllers\AdminController.cs(453,20): warning CS8603: Possible null reference return. [D:\Bashinda\Bashinda\Bashinda.csproj]
D:\Bashinda\Bashinda\Controllers\AccountController.cs(323,25): warning CS8602: Dereference of a possibly null reference. [D:\Bashinda\Bashinda\Bashinda.csproj]
D:\Bashinda\Bashinda\Controllers\RenterController.cs(645,26): warning CS8602: Dereference of a possibly null reference. [D:\Bashinda\Bashinda\Bashinda.csproj]
D:\Bashinda\Bashinda\Controllers\HomeController.cs(26,18): warning CS8602: Dereference of a possibly null reference. [D:\Bashinda\Bashinda\Bashinda.csproj]
D:\Bashinda\Bashinda\Controllers\HomeController.cs(23,42): warning CS1998: This async method lacks 'await' operators and will run synchronously. Consider using the 'await' operator to await non-blocking API calls, or 'await Task.Run(...)' to do CPU-bound work on a background thread. [D:\Bashinda\Bashinda\Bashinda.csproj]
D:\Bashinda\Bashinda\Models\UserOTP.cs(14,23): warning CS8618: Non-nullable property 'Code' must contain a non-null value when exiting constructor. Consider adding the 'required' modifier or declaring the property as nullable. [D:\Bashinda\Bashinda\Bashinda.csproj]
D:\Bashinda\Bashinda\Models\UserOTP.cs(19,21): warning CS8618: Non-nullable property 'User' must contain a non-null value when exiting constructor. Consider adding the 'required' modifier or declaring the property as nullable. [D:\Bashinda\Bashinda\Bashinda.csproj]
D:\Bashinda\Bashinda\Models\User.cs(16,23): warning CS8618: Non-nullable property 'UserName' must contain a non-null value when exiting constructor. Consider adding the 'required' modifier or declaring the property as nullable. [D:\Bashinda\Bashinda\Bashinda.csproj]
D:\Bashinda\Bashinda\Models\User.cs(19,23): warning CS8618: Non-nullable property 'Email' must contain a non-null value when exiting constructor. Consider adding the 'required' modifier or declaring the property as nullable. [D:\Bashinda\Bashinda\Bashinda.csproj]
D:\Bashinda\Bashinda\Models\User.cs(22,23): warning CS8618: Non-nullable property 'PhoneNumber' must contain a non-null value when exiting constructor. Consider adding the 'required' modifier or declaring the property as nullable. [D:\Bashinda\Bashinda\Bashinda.csproj]
D:\Bashinda\Bashinda\Models\User.cs(25,23): warning CS8618: Non-nullable property 'PasswordHash' must contain a non-null value when exiting constructor. Consider adding the 'required' modifier or declaring the property as nullable. [D:\Bashinda\Bashinda\Bashinda.csproj]
D:\Bashinda\Bashinda\Controllers\AdminManagementController.cs(60,32): warning CS8601: Possible null reference assignment. [D:\Bashinda\Bashinda\Bashinda.csproj]
D:\Bashinda\Bashinda\Controllers\AdminManagementController.cs(61,29): warning CS8601: Possible null reference assignment. [D:\Bashinda\Bashinda\Bashinda.csproj]
D:\Bashinda\Bashinda\Controllers\AdminManagementController.cs(62,35): warning CS8601: Possible null reference assignment. [D:\Bashinda\Bashinda\Bashinda.csproj]
D:\Bashinda\Bashinda\Controllers\AdminManagementController.cs(104,28): warning CS8601: Possible null reference assignment. [D:\Bashinda\Bashinda\Bashinda.csproj]
D:\Bashinda\Bashinda\Controllers\AdminManagementController.cs(105,25): warning CS8601: Possible null reference assignment. [D:\Bashinda\Bashinda\Bashinda.csproj]
D:\Bashinda\Bashinda\Controllers\AdminManagementController.cs(106,31): warning CS8601: Possible null reference assignment. [D:\Bashinda\Bashinda\Bashinda.csproj]
D:\Bashinda\Bashinda\Controllers\AdminManagementController.cs(208,37): warning CS8602: Dereference of a possibly null reference. [D:\Bashinda\Bashinda\Bashinda.csproj]
D:\Bashinda\Bashinda\Controllers\AdminManagementController.cs(272,33): warning CS8602: Dereference of a possibly null reference. [D:\Bashinda\Bashinda\Bashinda.csproj]
D:\Bashinda\Bashinda\Controllers\AdminManagementController.cs(279,28): warning CS8601: Possible null reference assignment. [D:\Bashinda\Bashinda\Bashinda.csproj]
D:\Bashinda\Bashinda\Controllers\AdminManagementController.cs(280,25): warning CS8601: Possible null reference assignment. [D:\Bashinda\Bashinda\Bashinda.csproj]
D:\Bashinda\Bashinda\Controllers\AdminManagementController.cs(281,31): warning CS8601: Possible null reference assignment. [D:\Bashinda\Bashinda\Bashinda.csproj]
D:\Bashinda\Bashinda\Services\ApiHealthService.cs(90,28): warning CS8603: Possible null reference return. [D:\Bashinda\Bashinda\Bashinda.csproj]
D:\Bashinda\Bashinda\Controllers\AdminManagementController.cs(331,37): warning CS8602: Dereference of a possibly null reference. [D:\Bashinda\Bashinda\Bashinda.csproj]
D:\Bashinda\Bashinda\Controllers\AdminManagementController.cs(356,41): warning CS8602: Dereference of a possibly null reference. [D:\Bashinda\Bashinda\Bashinda.csproj]
D:\Bashinda\Bashinda\Services\IApartmentApiService.cs(38,83): warning CS8604: Possible null reference argument for parameter 'token' in 'Task<HttpResponseMessage> IApiService.GetAsync(string endpoint, string token)'. [D:\Bashinda\Bashinda\Bashinda.csproj]
D:\Bashinda\Bashinda\Services\IApartmentApiService.cs(65,77): warning CS8604: Possible null reference argument for parameter 'token' in 'Task<HttpResponseMessage> IApiService.GetAsync(string endpoint, string token)'. [D:\Bashinda\Bashinda\Bashinda.csproj]
D:\Bashinda\Bashinda\Services\IApartmentApiService.cs(92,87): warning CS8604: Possible null reference argument for parameter 'token' in 'Task<HttpResponseMessage> IApiService.GetAsync(string endpoint, string token)'. [D:\Bashinda\Bashinda\Bashinda.csproj]
D:\Bashinda\Bashinda\Controllers\AdminManagementController.cs(422,28): warning CS8601: Possible null reference assignment. [D:\Bashinda\Bashinda\Bashinda.csproj]
D:\Bashinda\Bashinda\Controllers\AdminManagementController.cs(423,25): warning CS8601: Possible null reference assignment. [D:\Bashinda\Bashinda\Bashinda.csproj]
D:\Bashinda\Bashinda\Controllers\AdminManagementController.cs(424,31): warning CS8601: Possible null reference assignment. [D:\Bashinda\Bashinda\Bashinda.csproj]
D:\Bashinda\Bashinda\Services\UserService.cs(50,32): error CS1503: Argument 1: cannot convert from 'Bashinda.Models.User' to 'Bashinda.Models.ApplicationUser' [D:\Bashinda\Bashinda\Bashinda.csproj]
D:\Bashinda\Bashinda\Services\UserService.cs(62,22): error CS1061: 'ApplicationDbContext' does not contain a definition for 'UserOTPs' and no accessible extension method 'UserOTPs' accepting a first argument of type 'ApplicationDbContext' could be found (are you missing a using directive or an assembly reference?) [D:\Bashinda\Bashinda\Bashinda.csproj]
D:\Bashinda\Bashinda\Services\UserService.cs(80,43): error CS1061: 'ApplicationDbContext' does not contain a definition for 'UserOTPs' and no accessible extension method 'UserOTPs' accepting a first argument of type 'ApplicationDbContext' could be found (are you missing a using directive or an assembly reference?) [D:\Bashinda\Bashinda\Bashinda.csproj]
D:\Bashinda\Bashinda\Services\UserService.cs(89,18): error CS1061: 'ApplicationUser' does not contain a definition for 'IsVerified' and no accessible extension method 'IsVerified' accepting a first argument of type 'ApplicationUser' could be found (are you missing a using directive or an assembly reference?) [D:\Bashinda\Bashinda\Bashinda.csproj]
D:\Bashinda\Bashinda\Services\UserService.cs(93,22): error CS1061: 'ApplicationDbContext' does not contain a definition for 'UserOTPs' and no accessible extension method 'UserOTPs' accepting a first argument of type 'ApplicationDbContext' could be found (are you missing a using directive or an assembly reference?) [D:\Bashinda\Bashinda\Bashinda.csproj]
D:\Bashinda\Bashinda\Services\UserService.cs(107,39): error CS1061: 'ApplicationUser' does not contain a definition for 'IsVerified' and no accessible extension method 'IsVerified' accepting a first argument of type 'ApplicationUser' could be found (are you missing a using directive or an assembly reference?) [D:\Bashinda\Bashinda\Bashinda.csproj]
D:\Bashinda\Bashinda\Services\UserService.cs(115,20): error CS0029: Cannot implicitly convert type 'Bashinda.Models.ApplicationUser' to 'Bashinda.Models.User' [D:\Bashinda\Bashinda\Bashinda.csproj]
D:\Bashinda\Bashinda\Controllers\RenterController.cs(130,56): error CS1061: 'ApplicationDbContext' does not contain a definition for 'RenterProfiles' and no accessible extension method 'RenterProfiles' accepting a first argument of type 'ApplicationDbContext' could be found (are you missing a using directive or an assembly reference?) [D:\Bashinda\Bashinda\Bashinda.csproj]
D:\Bashinda\Bashinda\Controllers\RenterController.cs(201,56): error CS1061: 'ApplicationDbContext' does not contain a definition for 'RenterProfiles' and no accessible extension method 'RenterProfiles' accepting a first argument of type 'ApplicationDbContext' could be found (are you missing a using directive or an assembly reference?) [D:\Bashinda\Bashinda\Bashinda.csproj]
D:\Bashinda\Bashinda\Services\RenterProfileService.cs(31,74): error CS0019: Operator '==' cannot be applied to operands of type 'string' and 'int' [D:\Bashinda\Bashinda\Bashinda.csproj]
D:\Bashinda\Bashinda\Services\RenterProfileService.cs(47,54): error CS1061: 'ApplicationDbContext' does not contain a definition for 'RenterProfiles' and no accessible extension method 'RenterProfiles' accepting a first argument of type 'ApplicationDbContext' could be found (are you missing a using directive or an assembly reference?) [D:\Bashinda\Bashinda\Bashinda.csproj]
D:\Bashinda\Bashinda\Services\RenterProfileService.cs(51,26): error CS8130: Cannot infer the type of implicitly-typed deconstruction variable 'success'. [D:\Bashinda\Bashinda\Bashinda.csproj]
D:\Bashinda\Bashinda\Services\RenterProfileService.cs(51,35): error CS8130: Cannot infer the type of implicitly-typed deconstruction variable 'errors'. [D:\Bashinda\Bashinda\Bashinda.csproj]
D:\Bashinda\Bashinda\Services\RenterProfileService.cs(128,30): error CS1061: 'ApplicationDbContext' does not contain a definition for 'RenterProfiles' and no accessible extension method 'RenterProfiles' accepting a first argument of type 'ApplicationDbContext' could be found (are you missing a using directive or an assembly reference?) [D:\Bashinda\Bashinda\Bashinda.csproj]
D:\Bashinda\Bashinda\Services\RenterProfileService.cs(218,30): error CS1061: 'ApplicationDbContext' does not contain a definition for 'RenterProfiles' and no accessible extension method 'RenterProfiles' accepting a first argument of type 'ApplicationDbContext' could be found (are you missing a using directive or an assembly reference?) [D:\Bashinda\Bashinda\Bashinda.csproj]
D:\Bashinda\Bashinda\Controllers\RenterController.cs(268,56): error CS1061: 'ApplicationDbContext' does not contain a definition for 'RenterProfiles' and no accessible extension method 'RenterProfiles' accepting a first argument of type 'ApplicationDbContext' could be found (are you missing a using directive or an assembly reference?) [D:\Bashinda\Bashinda\Bashinda.csproj]
D:\Bashinda\Bashinda\Services\RenterProfileService.cs(281,42): error CS1061: 'ApplicationDbContext' does not contain a definition for 'RenterProfiles' and no accessible extension method 'RenterProfiles' accepting a first argument of type 'ApplicationDbContext' could be found (are you missing a using directive or an assembly reference?) [D:\Bashinda\Bashinda\Bashinda.csproj]
D:\Bashinda\Bashinda\Controllers\AdminController.cs(45,72): error CS1061: 'IAdminApiService' does not contain a definition for 'GetDashboardAsync' and no accessible extension method 'GetDashboardAsync' accepting a first argument of type 'IAdminApiService' could be found (are you missing a using directive or an assembly reference?) [D:\Bashinda\Bashinda\Bashinda.csproj]
D:\Bashinda\Bashinda\Controllers\AdminController.cs(45,22): error CS8130: Cannot infer the type of implicitly-typed deconstruction variable 'success'. [D:\Bashinda\Bashinda\Bashinda.csproj]
D:\Bashinda\Bashinda\Controllers\AdminController.cs(45,31): error CS8130: Cannot infer the type of implicitly-typed deconstruction variable 'dashboard'. [D:\Bashinda\Bashinda\Bashinda.csproj]
D:\Bashinda\Bashinda\Controllers\AdminController.cs(45,42): error CS8130: Cannot infer the type of implicitly-typed deconstruction variable 'errors'. [D:\Bashinda\Bashinda\Bashinda.csproj]
D:\Bashinda\Bashinda\Controllers\AdminController.cs(116,78): error CS1061: 'IAdminApiService' does not contain a definition for 'GetPendingRenterProfilesAsync' and no accessible extension method 'GetPendingRenterProfilesAsync' accepting a first argument of type 'IAdminApiService' could be found (are you missing a using directive or an assembly reference?) [D:\Bashinda\Bashinda\Bashinda.csproj]
D:\Bashinda\Bashinda\Controllers\AdminController.cs(116,22): error CS8130: Cannot infer the type of implicitly-typed deconstruction variable 'success'. [D:\Bashinda\Bashinda\Bashinda.csproj]
D:\Bashinda\Bashinda\Controllers\AdminController.cs(116,31): error CS8130: Cannot infer the type of implicitly-typed deconstruction variable 'pendingProfiles'. [D:\Bashinda\Bashinda\Bashinda.csproj]
D:\Bashinda\Bashinda\Controllers\AdminController.cs(116,48): error CS8130: Cannot infer the type of implicitly-typed deconstruction variable 'errors'. [D:\Bashinda\Bashinda\Bashinda.csproj]
D:\Bashinda\Bashinda\Controllers\AdminController.cs(131,56): error CS0428: Cannot convert method group 'Count' to non-delegate type 'dynamic'. Did you intend to invoke the method? [D:\Bashinda\Bashinda\Bashinda.csproj]
D:\Bashinda\Bashinda\Controllers\RenterController.cs(558,42): error CS1061: 'ApplicationDbContext' does not contain a definition for 'RenterProfiles' and no accessible extension method 'RenterProfiles' accepting a first argument of type 'ApplicationDbContext' could be found (are you missing a using directive or an assembly reference?) [D:\Bashinda\Bashinda\Bashinda.csproj]
D:\Bashinda\Bashinda\Controllers\AdminController.cs(158,78): error CS1061: 'IAdminApiService' does not contain a definition for 'GetPendingOwnerProfilesAsync' and no accessible extension method 'GetPendingOwnerProfilesAsync' accepting a first argument of type 'IAdminApiService' could be found (are you missing a using directive or an assembly reference?) [D:\Bashinda\Bashinda\Bashinda.csproj]
D:\Bashinda\Bashinda\Controllers\AdminController.cs(158,22): error CS8130: Cannot infer the type of implicitly-typed deconstruction variable 'success'. [D:\Bashinda\Bashinda\Bashinda.csproj]
D:\Bashinda\Bashinda\Controllers\AdminController.cs(158,31): error CS8130: Cannot infer the type of implicitly-typed deconstruction variable 'pendingProfiles'. [D:\Bashinda\Bashinda\Bashinda.csproj]
D:\Bashinda\Bashinda\Controllers\AdminController.cs(158,48): error CS8130: Cannot infer the type of implicitly-typed deconstruction variable 'errors'. [D:\Bashinda\Bashinda\Bashinda.csproj]
D:\Bashinda\Bashinda\Controllers\AdminController.cs(173,56): error CS0428: Cannot convert method group 'Count' to non-delegate type 'dynamic'. Did you intend to invoke the method? [D:\Bashinda\Bashinda\Bashinda.csproj]
D:\Bashinda\Bashinda\Controllers\RenterController.cs(574,42): error CS1061: 'ApplicationDbContext' does not contain a definition for 'RenterProfiles' and no accessible extension method 'RenterProfiles' accepting a first argument of type 'ApplicationDbContext' could be found (are you missing a using directive or an assembly reference?) [D:\Bashinda\Bashinda\Bashinda.csproj]
D:\Bashinda\Bashinda\Controllers\AdminController.cs(230,61): error CS1061: 'IAdminApiService' does not contain a definition for 'ApproveRenterProfileAsync' and no accessible extension method 'ApproveRenterProfileAsync' accepting a first argument of type 'IAdminApiService' could be found (are you missing a using directive or an assembly reference?) [D:\Bashinda\Bashinda\Bashinda.csproj]
D:\Bashinda\Bashinda\Controllers\AdminController.cs(230,22): error CS8130: Cannot infer the type of implicitly-typed deconstruction variable 'success'. [D:\Bashinda\Bashinda\Bashinda.csproj]
D:\Bashinda\Bashinda\Controllers\AdminController.cs(230,31): error CS8130: Cannot infer the type of implicitly-typed deconstruction variable 'errors'. [D:\Bashinda\Bashinda\Bashinda.csproj]
D:\Bashinda\Bashinda\Controllers\AdminController.cs(263,61): error CS1061: 'IAdminApiService' does not contain a definition for 'ApproveRenterProfileAsync' and no accessible extension method 'ApproveRenterProfileAsync' accepting a first argument of type 'IAdminApiService' could be found (are you missing a using directive or an assembly reference?) [D:\Bashinda\Bashinda\Bashinda.csproj]
D:\Bashinda\Bashinda\Controllers\AdminController.cs(263,22): error CS8130: Cannot infer the type of implicitly-typed deconstruction variable 'success'. [D:\Bashinda\Bashinda\Bashinda.csproj]
D:\Bashinda\Bashinda\Controllers\AdminController.cs(263,31): error CS8130: Cannot infer the type of implicitly-typed deconstruction variable 'errors'. [D:\Bashinda\Bashinda\Bashinda.csproj]
D:\Bashinda\Bashinda\Controllers\AdminController.cs(296,61): error CS1061: 'IAdminApiService' does not contain a definition for 'ApproveOwnerProfileAsync' and no accessible extension method 'ApproveOwnerProfileAsync' accepting a first argument of type 'IAdminApiService' could be found (are you missing a using directive or an assembly reference?) [D:\Bashinda\Bashinda\Bashinda.csproj]
D:\Bashinda\Bashinda\Controllers\AdminController.cs(296,22): error CS8130: Cannot infer the type of implicitly-typed deconstruction variable 'success'. [D:\Bashinda\Bashinda\Bashinda.csproj]
D:\Bashinda\Bashinda\Controllers\AdminController.cs(296,31): error CS8130: Cannot infer the type of implicitly-typed deconstruction variable 'errors'. [D:\Bashinda\Bashinda\Bashinda.csproj]
D:\Bashinda\Bashinda\Controllers\AdminController.cs(329,61): error CS1061: 'IAdminApiService' does not contain a definition for 'ApproveOwnerProfileAsync' and no accessible extension method 'ApproveOwnerProfileAsync' accepting a first argument of type 'IAdminApiService' could be found (are you missing a using directive or an assembly reference?) [D:\Bashinda\Bashinda\Bashinda.csproj]
D:\Bashinda\Bashinda\Controllers\AdminController.cs(329,22): error CS8130: Cannot infer the type of implicitly-typed deconstruction variable 'success'. [D:\Bashinda\Bashinda\Bashinda.csproj]
D:\Bashinda\Bashinda\Controllers\AdminController.cs(329,31): error CS8130: Cannot infer the type of implicitly-typed deconstruction variable 'errors'. [D:\Bashinda\Bashinda\Bashinda.csproj]
D:\Bashinda\Bashinda\Controllers\AdminController.cs(360,68): error CS1061: 'IAdminApiService' does not contain a definition for 'GetUsersAsync' and no accessible extension method 'GetUsersAsync' accepting a first argument of type 'IAdminApiService' could be found (are you missing a using directive or an assembly reference?) [D:\Bashinda\Bashinda\Bashinda.csproj]
D:\Bashinda\Bashinda\Controllers\AdminController.cs(360,22): error CS8130: Cannot infer the type of implicitly-typed deconstruction variable 'success'. [D:\Bashinda\Bashinda\Bashinda.csproj]
D:\Bashinda\Bashinda\Controllers\AdminController.cs(360,31): error CS8130: Cannot infer the type of implicitly-typed deconstruction variable 'users'. [D:\Bashinda\Bashinda\Bashinda.csproj]
D:\Bashinda\Bashinda\Controllers\AdminController.cs(360,38): error CS8130: Cannot infer the type of implicitly-typed deconstruction variable 'errors'. [D:\Bashinda\Bashinda\Bashinda.csproj]
D:\Bashinda\Bashinda\Controllers\AdminController.cs(392,61): error CS1061: 'IAdminApiService' does not contain a definition for 'DeleteUserAsync' and no accessible extension method 'DeleteUserAsync' accepting a first argument of type 'IAdminApiService' could be found (are you missing a using directive or an assembly reference?) [D:\Bashinda\Bashinda\Bashinda.csproj]
D:\Bashinda\Bashinda\Controllers\AdminController.cs(392,22): error CS8130: Cannot infer the type of implicitly-typed deconstruction variable 'success'. [D:\Bashinda\Bashinda\Bashinda.csproj]
D:\Bashinda\Bashinda\Controllers\AdminController.cs(392,31): error CS8130: Cannot infer the type of implicitly-typed deconstruction variable 'errors'. [D:\Bashinda\Bashinda\Bashinda.csproj]
D:\Bashinda\Bashinda\Services\IUserApiService.cs(66,50): error CS7036: There is no argument given that corresponds to the required parameter 'token' of 'IApiService.PostAsync<T>(string, T, string)' [D:\Bashinda\Bashinda\Bashinda.csproj]
D:\Bashinda\Bashinda\Services\IUserApiService.cs(176,50): error CS7036: There is no argument given that corresponds to the required parameter 'token' of 'IApiService.PostAsync<T>(string, T, string)' [D:\Bashinda\Bashinda\Bashinda.csproj]
D:\Bashinda\Bashinda\Services\IUserApiService.cs(224,50): error CS7036: There is no argument given that corresponds to the required parameter 'token' of 'IApiService.PostAsync<T>(string, T, string)' [D:\Bashinda\Bashinda\Bashinda.csproj]
D:\Bashinda\Bashinda\Services\IUserApiService.cs(271,50): error CS7036: There is no argument given that corresponds to the required parameter 'token' of 'IApiService.PostAsync<T>(string, T, string)' [D:\Bashinda\Bashinda\Bashinda.csproj]
D:\Bashinda\Bashinda\Controllers\AdminManagementController.cs(282,31): error CS0029: Cannot implicitly convert type 'Bashinda.Models.AdminPermission' to 'Bashinda.ViewModels.AdminPermissionViewModel' [D:\Bashinda\Bashinda\Bashinda.csproj]
    43 Warning(s)
    57 Error(s)

Time Elapsed 00:00:02.52

Workload updates are available. Run `dotnet workload list` for more information.
